earlier reported EXPIRY_ORB30 TARGET 1783.70 11 None
earlier reported EXPIRY_ORB30 TRAIL 541.49 9 None
earlier reported EXPIRY_LATE_BREAK TARGET 1198.95 7 None
earlier reported EXPIRY_LATE_BREAK TRAIL 2293.49 7 None
earlier reported EXPIRY_LATE_FADE TARGET 2934.32 2 None
earlier reported EXPIRY_LATE_FADE TRAIL 3168.22 2 None
earlier reported EXPIRY_TREND1445 TARGET 9411.18 0 None
earlier reported EXPIRY_TREND1445 TRAIL 9411.18 0 None
earlier reported EXPIRY_OPTION_ACCEL TARGET 1490.78 4 None
earlier reported EXPIRY_OPTION_ACCEL TRAIL 1490.78 4 None
earlier reported EXPIRY_OPTION_ACCEL_OI TARGET 1427.48 4 None
earlier reported EXPIRY_OPTION_ACCEL_OI TRAIL 1427.48 4 None
earlier reported EXPIRY_FUTURE_TREND TARGET 1068.77 8 None
earlier reported EXPIRY_FUTURE_TREND TRAIL 701.17 9 None
earlier reported EXPIRY_FUTURE_OI TARGET 9411.18 0 None
earlier reported EXPIRY_FUTURE_OI TRAIL 9411.18 0 None
earlier reported EXPIRY_BASIS_LEAD TARGET 16177.78 1 None
earlier reported EXPIRY_BASIS_LEAD TRAIL 8217.63 1 None
earlier reported EXPIRY_IV_CHEAP_TREND TARGET None 0 2026-06-09:UNKNOWN_SIGNAL
earlier reported EXPIRY_IV_CHEAP_TREND TRAIL None 0 2026-06-09:UNKNOWN_SIGNAL
earlier reported EXPIRY_SKEW_UNWIND TARGET 2407.29 4 None
earlier reported EXPIRY_SKEW_UNWIND TRAIL 4277.72 4 None
earlier reported EXPIRY_SECTOR_CONFIRM TARGET 1508.52 7 None
earlier reported EXPIRY_SECTOR_CONFIRM TRAIL 1392.01 7 None
earlier reported EXPIRY_GIFT_CATCHUP TARGET None 0 2026-03-24:UNKNOWN_SIGNAL
earlier reported EXPIRY_GIFT_CATCHUP TRAIL None 0 2026-03-24:UNKNOWN_SIGNAL
earlier reported EXPIRY_CHAIN_UNWIND TARGET 1279.99 4 None
earlier reported EXPIRY_CHAIN_UNWIND TRAIL 744.14 5 None
earlier reported EXPIRY_PCR_CONFIRM TARGET None 0 2026-03-24:UNKNOWN_SIGNAL
earlier reported EXPIRY_PCR_CONFIRM TRAIL None 0 2026-03-24:UNKNOWN_SIGNAL
earlier reported EXPIRY_PAIN_ESCAPE TARGET None 0 2026-03-24:UNKNOWN_SIGNAL
earlier reported EXPIRY_PAIN_ESCAPE TRAIL None 0 2026-03-24:UNKNOWN_SIGNAL
earlier reported EXPIRY_INSTITUTIONAL_ALIGN TARGET None 0 2026-03-24:UNKNOWN_SIGNAL
earlier reported EXPIRY_INSTITUTIONAL_ALIGN TRAIL None 0 2026-03-24:UNKNOWN_SIGNAL
earlier reported EXPIRY_PUBLISHED_PCR TARGET 4091.37 4 None
earlier reported EXPIRY_PUBLISHED_PCR TRAIL 4306.86 5 None
earlier reported EXPIRY_PUBLISHED_PAIN TARGET 9411.18 0 None
earlier reported EXPIRY_PUBLISHED_PAIN TRAIL 9411.18 0 None
earlier reported ORDINARY_FUTURE_TREND TARGET 2350.65 10 None
earlier reported ORDINARY_FUTURE_TREND TRAIL 1928.19 6 None
earlier reported ORDINARY_FUTURE_OI TARGET 9411.18 0 None
earlier reported ORDINARY_FUTURE_OI TRAIL 9411.18 0 None
earlier reported ORDINARY_BASIS_LEAD TARGET 3925.37 5 None
earlier reported ORDINARY_BASIS_LEAD TRAIL 4536.11 5 None
earlier reported ORDINARY_IV_CHEAP_TREND TARGET 8381.88 1 None
earlier reported ORDINARY_IV_CHEAP_TREND TRAIL 8381.88 1 None
earlier reported ORDINARY_SKEW_UNWIND TARGET 9411.18 0 None
earlier reported ORDINARY_SKEW_UNWIND TRAIL 9411.18 0 None
earlier reported ORDINARY_SECTOR_CONFIRM TARGET 1966.21 7 None
earlier reported ORDINARY_SECTOR_CONFIRM TRAIL 2354.35 6 None
earlier reported ORDINARY_GIFT_CATCHUP TARGET None 0 2026-03-23:UNKNOWN_SIGNAL
earlier reported ORDINARY_GIFT_CATCHUP TRAIL None 0 2026-03-23:UNKNOWN_SIGNAL
earlier reported ORDINARY_CHAIN_UNWIND TARGET 2616.71 5 None
earlier reported ORDINARY_CHAIN_UNWIND TRAIL 3936.91 5 None
earlier reported ORDINARY_PCR_CONFIRM TARGET None 0 2026-03-23:UNKNOWN_SIGNAL
earlier reported ORDINARY_PCR_CONFIRM TRAIL None 0 2026-03-23:UNKNOWN_SIGNAL
earlier reported ORDINARY_PAIN_ESCAPE TARGET None 0 2026-03-23:UNKNOWN_SIGNAL
earlier reported ORDINARY_PAIN_ESCAPE TRAIL None 0 2026-03-23:UNKNOWN_SIGNAL
earlier reported ORDINARY_INSTITUTIONAL_ALIGN TARGET None 0 2026-03-23:UNKNOWN_SIGNAL
earlier reported ORDINARY_INSTITUTIONAL_ALIGN TRAIL None 0 2026-03-23:UNKNOWN_SIGNAL
earlier reported ORDINARY_PUBLISHED_PCR TARGET 2940.95 5 None
earlier reported ORDINARY_PUBLISHED_PCR TRAIL 2485.34 4 None
earlier reported ORDINARY_PUBLISHED_PAIN TARGET 9993.05 1 None
earlier reported ORDINARY_PUBLISHED_PAIN TRAIL 9993.05 1 None
earlier strict EXPIRY_ORB30 TARGET None 9 2026-06-02:UNKNOWN_SELECTION_DATA
earlier strict EXPIRY_ORB30 TRAIL None 8 2026-05-26:UNKNOWN_SELECTION_DATA
earlier strict EXPIRY_LATE_BREAK TARGET None 4 2026-05-12:UNKNOWN_SELECTION_DATA
earlier strict EXPIRY_LATE_BREAK TRAIL None 4 2026-05-12:UNKNOWN_SELECTION_DATA
earlier strict EXPIRY_LATE_FADE TARGET None 0 2026-04-28:UNKNOWN_SELECTION_DATA
earlier strict EXPIRY_LATE_FADE TRAIL None 0 2026-04-28:UNKNOWN_SELECTION_DATA
earlier strict EXPIRY_TREND1445 TARGET 9411.18 0 None
earlier strict EXPIRY_TREND1445 TRAIL 9411.18 0 None
earlier strict EXPIRY_OPTION_ACCEL TARGET None 2 2026-04-28:UNKNOWN_SIGNAL
earlier strict EXPIRY_OPTION_ACCEL TRAIL None 2 2026-04-28:UNKNOWN_SIGNAL
earlier strict EXPIRY_OPTION_ACCEL_OI TARGET None 2 2026-04-28:UNKNOWN_SIGNAL
earlier strict EXPIRY_OPTION_ACCEL_OI TRAIL None 2 2026-04-28:UNKNOWN_SIGNAL
earlier strict EXPIRY_FUTURE_TREND TARGET None 1 2026-03-30:UNKNOWN_SELECTION_DATA
earlier strict EXPIRY_FUTURE_TREND TRAIL None 1 2026-03-30:UNKNOWN_SELECTION_DATA
earlier strict EXPIRY_FUTURE_OI TARGET 9411.18 0 None
earlier strict EXPIRY_FUTURE_OI TRAIL 9411.18 0 None
earlier strict EXPIRY_BASIS_LEAD TARGET 16177.78 1 None
earlier strict EXPIRY_BASIS_LEAD TRAIL 8217.63 1 None
earlier strict EXPIRY_IV_CHEAP_TREND TARGET None 0 2026-03-30:UNKNOWN_SELECTION_DATA
earlier strict EXPIRY_IV_CHEAP_TREND TRAIL None 0 2026-03-30:UNKNOWN_SELECTION_DATA
earlier strict EXPIRY_SKEW_UNWIND TARGET None 1 2026-04-28:UNKNOWN_SELECTION_DATA
earlier strict EXPIRY_SKEW_UNWIND TRAIL None 1 2026-04-28:UNKNOWN_SELECTION_DATA
earlier strict EXPIRY_SECTOR_CONFIRM TARGET None 1 2026-03-30:UNKNOWN_SELECTION_DATA
earlier strict EXPIRY_SECTOR_CONFIRM TRAIL None 1 2026-03-30:UNKNOWN_SELECTION_DATA
earlier strict EXPIRY_GIFT_CATCHUP TARGET None 0 2026-03-24:UNKNOWN_SIGNAL
earlier strict EXPIRY_GIFT_CATCHUP TRAIL None 0 2026-03-24:UNKNOWN_SIGNAL
earlier strict EXPIRY_CHAIN_UNWIND TARGET None 3 2026-04-28:UNKNOWN_SELECTION_DATA
earlier strict EXPIRY_CHAIN_UNWIND TRAIL None 3 2026-04-28:UNKNOWN_SELECTION_DATA
earlier strict EXPIRY_PCR_CONFIRM TARGET None 0 2026-03-24:UNKNOWN_SIGNAL
earlier strict EXPIRY_PCR_CONFIRM TRAIL None 0 2026-03-24:UNKNOWN_SIGNAL
earlier strict EXPIRY_PAIN_ESCAPE TARGET None 0 2026-03-24:UNKNOWN_SIGNAL
earlier strict EXPIRY_PAIN_ESCAPE TRAIL None 0 2026-03-24:UNKNOWN_SIGNAL
earlier strict EXPIRY_INSTITUTIONAL_ALIGN TARGET None 0 2026-03-24:UNKNOWN_SIGNAL
earlier strict EXPIRY_INSTITUTIONAL_ALIGN TRAIL None 0 2026-03-24:UNKNOWN_SIGNAL
earlier strict EXPIRY_PUBLISHED_PCR TARGET None 1 2026-03-30:UNKNOWN_SELECTION_DATA
earlier strict EXPIRY_PUBLISHED_PCR TRAIL None 1 2026-03-30:UNKNOWN_SELECTION_DATA
earlier strict EXPIRY_PUBLISHED_PAIN TARGET 9411.18 0 None
earlier strict EXPIRY_PUBLISHED_PAIN TRAIL 9411.18 0 None
earlier strict ORDINARY_FUTURE_TREND TARGET None 0 2026-03-23:UNKNOWN_SELECTION_DATA
earlier strict ORDINARY_FUTURE_TREND TRAIL None 0 2026-03-23:UNKNOWN_SELECTION_DATA
earlier strict ORDINARY_FUTURE_OI TARGET None 0 2026-06-03:UNKNOWN_SELECTION_DATA
earlier strict ORDINARY_FUTURE_OI TRAIL None 0 2026-06-03:UNKNOWN_SELECTION_DATA
earlier strict ORDINARY_BASIS_LEAD TARGET None 0 2026-03-23:UNKNOWN_SELECTION_DATA
earlier strict ORDINARY_BASIS_LEAD TRAIL None 0 2026-03-23:UNKNOWN_SELECTION_DATA
earlier strict ORDINARY_IV_CHEAP_TREND TARGET None 0 2026-04-10:UNKNOWN_SELECTION_DATA
earlier strict ORDINARY_IV_CHEAP_TREND TRAIL None 0 2026-04-10:UNKNOWN_SELECTION_DATA
earlier strict ORDINARY_SKEW_UNWIND TARGET 9411.18 0 None
earlier strict ORDINARY_SKEW_UNWIND TRAIL 9411.18 0 None
earlier strict ORDINARY_SECTOR_CONFIRM TARGET None 0 2026-03-23:UNKNOWN_SELECTION_DATA
earlier strict ORDINARY_SECTOR_CONFIRM TRAIL None 0 2026-03-23:UNKNOWN_SELECTION_DATA
earlier strict ORDINARY_GIFT_CATCHUP TARGET None 0 2026-03-23:UNKNOWN_SIGNAL
earlier strict ORDINARY_GIFT_CATCHUP TRAIL None 0 2026-03-23:UNKNOWN_SIGNAL
earlier strict ORDINARY_CHAIN_UNWIND TARGET None 0 2026-04-01:UNKNOWN_SELECTION_DATA
earlier strict ORDINARY_CHAIN_UNWIND TRAIL None 0 2026-04-01:UNKNOWN_SELECTION_DATA
earlier strict ORDINARY_PCR_CONFIRM TARGET None 0 2026-03-23:UNKNOWN_SIGNAL
earlier strict ORDINARY_PCR_CONFIRM TRAIL None 0 2026-03-23:UNKNOWN_SIGNAL
earlier strict ORDINARY_PAIN_ESCAPE TARGET None 0 2026-03-23:UNKNOWN_SIGNAL
earlier strict ORDINARY_PAIN_ESCAPE TRAIL None 0 2026-03-23:UNKNOWN_SIGNAL
earlier strict ORDINARY_INSTITUTIONAL_ALIGN TARGET None 0 2026-03-23:UNKNOWN_SIGNAL
earlier strict ORDINARY_INSTITUTIONAL_ALIGN TRAIL None 0 2026-03-23:UNKNOWN_SIGNAL
earlier strict ORDINARY_PUBLISHED_PCR TARGET None 0 2026-03-23:UNKNOWN_SELECTION_DATA
earlier strict ORDINARY_PUBLISHED_PCR TRAIL None 0 2026-03-23:UNKNOWN_SELECTION_DATA
earlier strict ORDINARY_PUBLISHED_PAIN TARGET None 0 2026-06-10:UNKNOWN_SELECTION_DATA
earlier strict ORDINARY_PUBLISHED_PAIN TRAIL None 0 2026-06-10:UNKNOWN_SELECTION_DATA
recent reported EXPIRY_ORB30 TARGET 590.13 5 None
recent reported EXPIRY_ORB30 TRAIL 1107.36 6 None
recent reported EXPIRY_LATE_BREAK TARGET 232.88 8 None
recent reported EXPIRY_LATE_BREAK TRAIL 220.83 7 None
recent reported EXPIRY_LATE_FADE TARGET 9411.18 0 None
recent reported EXPIRY_LATE_FADE TRAIL 9411.18 0 None
recent reported EXPIRY_TREND1445 TARGET 9411.18 0 None
recent reported EXPIRY_TREND1445 TRAIL 9411.18 0 None
recent reported EXPIRY_OPTION_ACCEL TARGET 2169.57 2 None
recent reported EXPIRY_OPTION_ACCEL TRAIL 2169.57 2 None
recent reported EXPIRY_OPTION_ACCEL_OI TARGET 2169.57 2 None
recent reported EXPIRY_OPTION_ACCEL_OI TRAIL 2169.57 2 None
recent reported EXPIRY_FUTURE_TREND TARGET 2781.16 7 None
recent reported EXPIRY_FUTURE_TREND TRAIL 2826.88 7 None
recent reported EXPIRY_FUTURE_OI TARGET 9411.18 0 None
recent reported EXPIRY_FUTURE_OI TRAIL 9411.18 0 None
recent reported EXPIRY_BASIS_LEAD TARGET 8873.55 2 None
recent reported EXPIRY_BASIS_LEAD TRAIL 6156.02 2 None
recent reported EXPIRY_IV_CHEAP_TREND TARGET 6762.33 1 None
recent reported EXPIRY_IV_CHEAP_TREND TRAIL 6762.33 1 None
recent reported EXPIRY_SKEW_UNWIND TARGET 2101.32 5 None
recent reported EXPIRY_SKEW_UNWIND TRAIL 1728.04 5 None
recent reported EXPIRY_SECTOR_CONFIRM TARGET 6444.35 5 None
recent reported EXPIRY_SECTOR_CONFIRM TRAIL 3928.96 5 None
recent reported EXPIRY_GIFT_CATCHUP TARGET None 0 2026-06-23:UNKNOWN_SIGNAL
recent reported EXPIRY_GIFT_CATCHUP TRAIL None 0 2026-06-23:UNKNOWN_SIGNAL
recent reported EXPIRY_CHAIN_UNWIND TARGET 4673.53 6 None
recent reported EXPIRY_CHAIN_UNWIND TRAIL 2970.93 6 None
recent reported EXPIRY_PCR_CONFIRM TARGET None 0 2026-06-23:UNKNOWN_SIGNAL
recent reported EXPIRY_PCR_CONFIRM TRAIL None 0 2026-06-23:UNKNOWN_SIGNAL
recent reported EXPIRY_PAIN_ESCAPE TARGET None 0 2026-06-23:UNKNOWN_SIGNAL
recent reported EXPIRY_PAIN_ESCAPE TRAIL None 0 2026-06-23:UNKNOWN_SIGNAL
recent reported EXPIRY_INSTITUTIONAL_ALIGN TARGET 3212.32 3 None
recent reported EXPIRY_INSTITUTIONAL_ALIGN TRAIL 5050.31 3 None
recent reported EXPIRY_PUBLISHED_PCR TARGET 2320.38 3 None
recent reported EXPIRY_PUBLISHED_PCR TRAIL 3212.35 3 None
recent reported EXPIRY_PUBLISHED_PAIN TARGET 16579.28 1 None
recent reported EXPIRY_PUBLISHED_PAIN TRAIL 8930.01 1 None
recent reported ORDINARY_FUTURE_TREND TARGET 1274.23 16 None
recent reported ORDINARY_FUTURE_TREND TRAIL 1559.16 13 None
recent reported ORDINARY_FUTURE_OI TARGET 7859.77 1 None
recent reported ORDINARY_FUTURE_OI TRAIL 7859.77 1 None
recent reported ORDINARY_BASIS_LEAD TARGET 5231.18 5 None
recent reported ORDINARY_BASIS_LEAD TRAIL 4760.13 5 None
recent reported ORDINARY_IV_CHEAP_TREND TARGET 7471.01 5 None
recent reported ORDINARY_IV_CHEAP_TREND TRAIL 7471.01 5 None
recent reported ORDINARY_SKEW_UNWIND TARGET 11908.11 1 None
recent reported ORDINARY_SKEW_UNWIND TRAIL 11908.11 1 None
recent reported ORDINARY_SECTOR_CONFIRM TARGET 1775.50 18 None
recent reported ORDINARY_SECTOR_CONFIRM TRAIL 996.61 13 None
recent reported ORDINARY_GIFT_CATCHUP TARGET None 0 2026-06-22:UNKNOWN_SIGNAL
recent reported ORDINARY_GIFT_CATCHUP TRAIL None 0 2026-06-22:UNKNOWN_SIGNAL
recent reported ORDINARY_CHAIN_UNWIND TARGET 10843.71 9 None
recent reported ORDINARY_CHAIN_UNWIND TRAIL 8468.26 9 None
recent reported ORDINARY_PCR_CONFIRM TARGET None 0 2026-06-22:UNKNOWN_SIGNAL
recent reported ORDINARY_PCR_CONFIRM TRAIL None 0 2026-06-22:UNKNOWN_SIGNAL
recent reported ORDINARY_PAIN_ESCAPE TARGET None 0 2026-06-22:UNKNOWN_SIGNAL
recent reported ORDINARY_PAIN_ESCAPE TRAIL None 0 2026-06-22:UNKNOWN_SIGNAL
recent reported ORDINARY_INSTITUTIONAL_ALIGN TARGET 4068.74 15 None
recent reported ORDINARY_INSTITUTIONAL_ALIGN TRAIL 3548.74 14 None
recent reported ORDINARY_PUBLISHED_PCR TARGET 3637.10 21 None
recent reported ORDINARY_PUBLISHED_PCR TRAIL 1408.99 11 None
recent reported ORDINARY_PUBLISHED_PAIN TARGET 6212.76 2 None
recent reported ORDINARY_PUBLISHED_PAIN TRAIL 6212.76 2 None
recent strict EXPIRY_ORB30 TARGET None 2 2026-08-04:UNKNOWN_SELECTION_DATA
recent strict EXPIRY_ORB30 TRAIL None 2 2026-08-04:UNKNOWN_SELECTION_DATA
recent strict EXPIRY_LATE_BREAK TARGET None 3 2026-08-04:UNKNOWN_SELECTION_DATA
recent strict EXPIRY_LATE_BREAK TRAIL None 3 2026-08-04:UNKNOWN_SELECTION_DATA
recent strict EXPIRY_LATE_FADE TARGET None 0 2026-06-23:UNKNOWN_SELECTION_DATA
recent strict EXPIRY_LATE_FADE TRAIL None 0 2026-06-23:UNKNOWN_SELECTION_DATA
recent strict EXPIRY_TREND1445 TARGET 9411.18 0 None
recent strict EXPIRY_TREND1445 TRAIL 9411.18 0 None
recent strict EXPIRY_OPTION_ACCEL TARGET None 0 2026-06-23:UNKNOWN_SIGNAL
recent strict EXPIRY_OPTION_ACCEL TRAIL None 0 2026-06-23:UNKNOWN_SIGNAL
recent strict EXPIRY_OPTION_ACCEL_OI TARGET None 0 2026-06-23:UNKNOWN_SIGNAL
recent strict EXPIRY_OPTION_ACCEL_OI TRAIL None 0 2026-06-23:UNKNOWN_SIGNAL
recent strict EXPIRY_FUTURE_TREND TARGET None 2 2026-08-04:UNKNOWN_SELECTION_DATA
recent strict EXPIRY_FUTURE_TREND TRAIL None 2 2026-08-04:UNKNOWN_SELECTION_DATA
recent strict EXPIRY_FUTURE_OI TARGET 9411.18 0 None
recent strict EXPIRY_FUTURE_OI TRAIL 9411.18 0 None
recent strict EXPIRY_BASIS_LEAD TARGET None 0 2026-08-04:UNKNOWN_SELECTION_DATA
recent strict EXPIRY_BASIS_LEAD TRAIL None 0 2026-08-04:UNKNOWN_SELECTION_DATA
recent strict EXPIRY_IV_CHEAP_TREND TARGET None 0 2026-06-23:UNKNOWN_SELECTION_DATA
recent strict EXPIRY_IV_CHEAP_TREND TRAIL None 0 2026-06-23:UNKNOWN_SELECTION_DATA
recent strict EXPIRY_SKEW_UNWIND TARGET None 0 2026-06-30:UNKNOWN_SELECTION_DATA
recent strict EXPIRY_SKEW_UNWIND TRAIL None 0 2026-06-30:UNKNOWN_SELECTION_DATA
recent strict EXPIRY_SECTOR_CONFIRM TARGET None 2 2026-08-04:UNKNOWN_SELECTION_DATA
recent strict EXPIRY_SECTOR_CONFIRM TRAIL None 2 2026-08-04:UNKNOWN_SELECTION_DATA
recent strict EXPIRY_GIFT_CATCHUP TARGET None 0 2026-06-23:UNKNOWN_SIGNAL
recent strict EXPIRY_GIFT_CATCHUP TRAIL None 0 2026-06-23:UNKNOWN_SIGNAL
recent strict EXPIRY_CHAIN_UNWIND TARGET None 0 2026-06-30:UNKNOWN_SELECTION_DATA
recent strict EXPIRY_CHAIN_UNWIND TRAIL None 0 2026-06-30:UNKNOWN_SELECTION_DATA
recent strict EXPIRY_PCR_CONFIRM TARGET None 0 2026-06-23:UNKNOWN_SIGNAL
recent strict EXPIRY_PCR_CONFIRM TRAIL None 0 2026-06-23:UNKNOWN_SIGNAL
recent strict EXPIRY_PAIN_ESCAPE TARGET None 0 2026-06-23:UNKNOWN_SIGNAL
recent strict EXPIRY_PAIN_ESCAPE TRAIL None 0 2026-06-23:UNKNOWN_SIGNAL
recent strict EXPIRY_INSTITUTIONAL_ALIGN TARGET 3212.32 3 None
recent strict EXPIRY_INSTITUTIONAL_ALIGN TRAIL 5050.31 3 None
recent strict EXPIRY_PUBLISHED_PCR TARGET None 0 2026-06-30:UNKNOWN_SELECTION_DATA
recent strict EXPIRY_PUBLISHED_PCR TRAIL None 0 2026-06-30:UNKNOWN_SELECTION_DATA
recent strict EXPIRY_PUBLISHED_PAIN TARGET None 0 2026-08-04:UNKNOWN_SELECTION_DATA
recent strict EXPIRY_PUBLISHED_PAIN TRAIL None 0 2026-08-04:UNKNOWN_SELECTION_DATA
recent strict ORDINARY_FUTURE_TREND TARGET None 0 2026-06-22:UNKNOWN_SELECTION_DATA
recent strict ORDINARY_FUTURE_TREND TRAIL None 0 2026-06-22:UNKNOWN_SELECTION_DATA
recent strict ORDINARY_FUTURE_OI TARGET None 0 2026-08-05:UNKNOWN_SELECTION_DATA
recent strict ORDINARY_FUTURE_OI TRAIL None 0 2026-08-05:UNKNOWN_SELECTION_DATA
recent strict ORDINARY_BASIS_LEAD TARGET None 0 2026-07-01:UNKNOWN_SELECTION_DATA
recent strict ORDINARY_BASIS_LEAD TRAIL None 0 2026-07-01:UNKNOWN_SELECTION_DATA
recent strict ORDINARY_IV_CHEAP_TREND TARGET None 0 2026-06-25:UNKNOWN_SELECTION_DATA
recent strict ORDINARY_IV_CHEAP_TREND TRAIL None 0 2026-06-25:UNKNOWN_SELECTION_DATA
recent strict ORDINARY_SKEW_UNWIND TARGET None 0 2026-07-08:UNKNOWN_SELECTION_DATA
recent strict ORDINARY_SKEW_UNWIND TRAIL None 0 2026-07-08:UNKNOWN_SELECTION_DATA
recent strict ORDINARY_SECTOR_CONFIRM TARGET None 0 2026-06-22:UNKNOWN_SELECTION_DATA
recent strict ORDINARY_SECTOR_CONFIRM TRAIL None 0 2026-06-22:UNKNOWN_SELECTION_DATA
recent strict ORDINARY_GIFT_CATCHUP TARGET None 0 2026-06-22:UNKNOWN_SIGNAL
recent strict ORDINARY_GIFT_CATCHUP TRAIL None 0 2026-06-22:UNKNOWN_SIGNAL
recent strict ORDINARY_CHAIN_UNWIND TARGET None 1 2026-06-29:UNKNOWN_SELECTION_DATA
recent strict ORDINARY_CHAIN_UNWIND TRAIL None 1 2026-06-29:UNKNOWN_SELECTION_DATA
recent strict ORDINARY_PCR_CONFIRM TARGET None 0 2026-06-22:UNKNOWN_SIGNAL
recent strict ORDINARY_PCR_CONFIRM TRAIL None 0 2026-06-22:UNKNOWN_SIGNAL
recent strict ORDINARY_PAIN_ESCAPE TARGET None 0 2026-06-22:UNKNOWN_SIGNAL
recent strict ORDINARY_PAIN_ESCAPE TRAIL None 0 2026-06-22:UNKNOWN_SIGNAL
recent strict ORDINARY_INSTITUTIONAL_ALIGN TARGET None 0 2026-06-22:UNKNOWN_SELECTION_DATA
recent strict ORDINARY_INSTITUTIONAL_ALIGN TRAIL None 0 2026-06-22:UNKNOWN_SELECTION_DATA
recent strict ORDINARY_PUBLISHED_PCR TARGET None 0 2026-06-22:UNKNOWN_SELECTION_DATA
recent strict ORDINARY_PUBLISHED_PCR TRAIL None 0 2026-06-22:UNKNOWN_SELECTION_DATA
recent strict ORDINARY_PUBLISHED_PAIN TARGET None 0 2026-07-01:UNKNOWN_SELECTION_DATA
recent strict ORDINARY_PUBLISHED_PAIN TRAIL None 0 2026-07-01:UNKNOWN_SELECTION_DATA
controls earlier EXPIRY_ORB30_TARGET 499 p 0.686
controls earlier EXPIRY_ORB30_TRAIL 499 p 0.882
controls earlier EXPIRY_LATE_BREAK_TARGET 499 p 0.326
controls earlier EXPIRY_LATE_BREAK_TRAIL 499 p 0.158
controls earlier EXPIRY_LATE_FADE_TARGET 499 p 0.386
controls earlier EXPIRY_LATE_FADE_TRAIL 499 p 0.506
controls earlier EXPIRY_TREND1445_TARGET 499 p 0.522
controls earlier EXPIRY_TREND1445_TRAIL 499 p 0.522
controls earlier EXPIRY_OPTION_ACCEL_TARGET 499 p 0.36
controls earlier EXPIRY_OPTION_ACCEL_TRAIL 499 p 0.466
controls earlier EXPIRY_OPTION_ACCEL_OI_TARGET 499 p 0.262
controls earlier EXPIRY_OPTION_ACCEL_OI_TRAIL 499 p 0.324
controls earlier EXPIRY_FUTURE_TREND_TARGET 499 p 0.51
controls earlier EXPIRY_FUTURE_TREND_TRAIL 499 p 0.724
controls earlier EXPIRY_FUTURE_OI_TARGET 499 p 0.522
controls earlier EXPIRY_FUTURE_OI_TRAIL 499 p 0.522
controls earlier EXPIRY_BASIS_LEAD_TARGET 499 p 0.144
controls earlier EXPIRY_BASIS_LEAD_TRAIL 499 p 0.364
controls earlier EXPIRY_SKEW_UNWIND_TARGET 499 p 0.66
controls earlier EXPIRY_SKEW_UNWIND_TRAIL 499 p 0.622
controls earlier EXPIRY_SECTOR_CONFIRM_TARGET 499 p 0.42
controls earlier EXPIRY_SECTOR_CONFIRM_TRAIL 499 p 0.442
controls earlier EXPIRY_CHAIN_UNWIND_TARGET 499 p 0.458
controls earlier EXPIRY_CHAIN_UNWIND_TRAIL 499 p 0.798
controls earlier EXPIRY_PUBLISHED_PCR_TARGET 499 p 0.316
controls earlier EXPIRY_PUBLISHED_PCR_TRAIL 499 p 0.244
controls earlier ORDINARY_FUTURE_TREND_TARGET 499 p 0.618
controls earlier ORDINARY_FUTURE_TREND_TRAIL 499 p 0.924
controls earlier ORDINARY_FUTURE_OI_TARGET 499 p 0.48
controls earlier ORDINARY_FUTURE_OI_TRAIL 499 p 0.48
controls earlier ORDINARY_BASIS_LEAD_TARGET 499 p 0.754
controls earlier ORDINARY_BASIS_LEAD_TRAIL 499 p 0.522
controls earlier ORDINARY_IV_CHEAP_TREND_TARGET 499 p 0.714
controls earlier ORDINARY_IV_CHEAP_TREND_TRAIL 499 p 0.618
controls earlier ORDINARY_SKEW_UNWIND_TARGET 499 p 0.522
controls earlier ORDINARY_SKEW_UNWIND_TRAIL 499 p 0.522
controls earlier ORDINARY_SECTOR_CONFIRM_TARGET 499 p 0.802
controls earlier ORDINARY_SECTOR_CONFIRM_TRAIL 499 p 0.67
controls earlier ORDINARY_CHAIN_UNWIND_TARGET 499 p 0.718
controls earlier ORDINARY_CHAIN_UNWIND_TRAIL 499 p 0.174
controls earlier ORDINARY_PUBLISHED_PCR_TARGET 499 p 0.71
controls earlier ORDINARY_PUBLISHED_PCR_TRAIL 499 p 0.864
controls earlier ORDINARY_PUBLISHED_PAIN_TARGET 499 p 0.292
controls earlier ORDINARY_PUBLISHED_PAIN_TRAIL 499 p 0.292
controls recent EXPIRY_ORB30_TARGET 499 p 0.876
controls recent EXPIRY_ORB30_TRAIL 499 p 0.5
controls recent EXPIRY_LATE_BREAK_TARGET 499 p 0.994
controls recent EXPIRY_LATE_BREAK_TRAIL 499 p 0.952
controls recent EXPIRY_LATE_FADE_TARGET 499 p 0.262
controls recent EXPIRY_LATE_FADE_TRAIL 499 p 0.262
controls recent EXPIRY_OPTION_ACCEL_TARGET 499 p 0.608
controls recent EXPIRY_OPTION_ACCEL_TRAIL 499 p 0.224
controls recent EXPIRY_OPTION_ACCEL_OI_TARGET 499 p 0.608
controls recent EXPIRY_OPTION_ACCEL_OI_TRAIL 499 p 0.224
controls recent EXPIRY_FUTURE_TREND_TARGET 499 p 0.206
controls recent EXPIRY_FUTURE_TREND_TRAIL 499 p 0.404
controls recent EXPIRY_BASIS_LEAD_TARGET 499 p 0.522
controls recent EXPIRY_BASIS_LEAD_TRAIL 499 p 0.292
controls recent EXPIRY_IV_CHEAP_TREND_TARGET 499 p 0.77
controls recent EXPIRY_IV_CHEAP_TREND_TRAIL 499 p 0.77
controls recent EXPIRY_SKEW_UNWIND_TARGET 499 p 0.858
controls recent EXPIRY_SKEW_UNWIND_TRAIL 499 p 0.824
controls recent EXPIRY_SECTOR_CONFIRM_TARGET 499 p 0.2
controls recent EXPIRY_SECTOR_CONFIRM_TRAIL 499 p 0.108
controls recent EXPIRY_CHAIN_UNWIND_TARGET 499 p 0.442
controls recent EXPIRY_CHAIN_UNWIND_TRAIL 499 p 0.324
controls recent EXPIRY_INSTITUTIONAL_ALIGN_TARGET 499 p 0.756
controls recent EXPIRY_INSTITUTIONAL_ALIGN_TRAIL 499 p 0.592
controls recent EXPIRY_PUBLISHED_PCR_TARGET 499 p 0.962
controls recent EXPIRY_PUBLISHED_PCR_TRAIL 499 p 0.868
controls recent EXPIRY_PUBLISHED_PAIN_TARGET 499 p 0.522
controls recent EXPIRY_PUBLISHED_PAIN_TRAIL 499 p 0.522
controls recent ORDINARY_FUTURE_TREND_TARGET 499 p 0.812
controls recent ORDINARY_FUTURE_TREND_TRAIL 499 p 0.268
controls recent ORDINARY_FUTURE_OI_TARGET 499 p 1.0
controls recent ORDINARY_FUTURE_OI_TRAIL 499 p 1.0
controls recent ORDINARY_BASIS_LEAD_TARGET 499 p 0.268
controls recent ORDINARY_BASIS_LEAD_TRAIL 499 p 0.304
controls recent ORDINARY_IV_CHEAP_TREND_TARGET 499 p 0.176
controls recent ORDINARY_IV_CHEAP_TREND_TRAIL 499 p 0.176
controls recent ORDINARY_SKEW_UNWIND_TARGET 499 p 0.134
controls recent ORDINARY_SKEW_UNWIND_TRAIL 499 p 0.134
controls recent ORDINARY_SECTOR_CONFIRM_TARGET 499 p 0.378
controls recent ORDINARY_SECTOR_CONFIRM_TRAIL 499 p 0.814
controls recent ORDINARY_CHAIN_UNWIND_TARGET 499 p 0.532
controls recent ORDINARY_CHAIN_UNWIND_TRAIL 499 p 0.484
controls recent ORDINARY_INSTITUTIONAL_ALIGN_TARGET 499 p 0.382
controls recent ORDINARY_INSTITUTIONAL_ALIGN_TRAIL 499 p 0.348
controls recent ORDINARY_PUBLISHED_PCR_TARGET 499 p 0.144
controls recent ORDINARY_PUBLISHED_PCR_TRAIL 499 p 0.482
controls recent ORDINARY_PUBLISHED_PAIN_TARGET 499 p 1.0
controls recent ORDINARY_PUBLISHED_PAIN_TRAIL 499 p 1.0
